<html>
<body>
<pre>
<h1>µVision Build Log</h1>
<h2>Project:</h2>
C:\Users\cuipeng\Desktop\powerman\USER\LED.uvproj
Project File Date:  07/19/2015

<h2>Output:</h2>
Build target 'Target 1'
linking...
Program Size: Code=19160 RO-data=6556 RW-data=352 ZI-data=3120  
FromELF: creating hex file...
"..\OBJ\LED.axf" - 0 Error(s), 0 Warning(s).
OBJ\LED.axf" - 0 Error(s), 0 Warning(s).
.axf" - 1 Error(s), 0 Warning(s).
Target not created
 warnings, 0 errors
compiling oled.c...
linking...
Program Size: Code=19300 RO-data=6556 RW-data=352 ZI-data=3120  
FromELF: creating hex file...
"..\OBJ\LED.axf" - 0 Error(s), 2 Warning(s).
_exti.c...
compiling stm32f10x_i2c.c...
compiling stm32f10x_adc.c...
compiling stm32f10x_dma.c...
compiling stm32f10x_spi.c...
compiling stm32f10x_tim.c...
compiling usb_core.c...
compiling usb_init.c...
compiling usb_int.c...
compiling usb_mem.c...
compiling usb_regs.c...
compiling usb_sil.c...
compiling hw_config.c...
compiling stm32_it.c...
compiling usb_desc.c...
compiling usb_endp.c...
compiling usb_istr.c...
compiling usb_prop.c...
compiling usb_pwr.c...
linking...
Program Size: Code=19332 RO-data=6556 RW-data=352 ZI-data=3120  
FromELF: creating hex file...
"..\OBJ\LED.axf" - 0 Error(s), 0 Warning(s).
