<html>
<body>
<pre>
<h1>µVision Build Log</h1>
<h2>Project:</h2>
C:\Users\cuipeng\Desktop\powerman\USER\LED.uvproj
Project File Date:  07/11/2015

<h2>Output:</h2>
Build target 'Target 1'
compiling main.c...
compiling stm32f10x_it.c...
compiling system_stm32f10x.c...
compiling i2c_ee.c...
compiling adc.c...
compiling oled.c...
compiling pwm.c...
compiling voice.c...
compiling delay.c...
compiling sys.c...
compiling usart.c...
compiling core_cm3.c...
compiling stm32f10x_gpio.c...
compiling stm32f10x_rcc.c...
compiling stm32f10x_usart.c...
compiling misc.c...
compiling stm32f10x_exti.c...
compiling stm32f10x_i2c.c...
compiling stm32f10x_adc.c...
compiling stm32f10x_dma.c...
compiling stm32f10x_spi.c...
compiling stm32f10x_tim.c...
compiling usb_core.c...
compiling usb_init.c...
compiling usb_int.c...
compiling usb_mem.c...
compiling usb_regs.c...
compiling usb_sil.c...
compiling hw_config.c...
compiling stm32_it.c...
compiling usb_desc.c...
compiling usb_endp.c...
compiling usb_istr.c...
compiling usb_prop.c...
compiling usb_pwr.c...
linking...
Program Size: Code=17800 RO-data=476 RW-data=352 ZI-data=2096  
FromELF: creating hex file...
"..\OBJ\powerman.axf" - 0 Error(s), 0 Warning(s).
n                 = 18,     /*!< ADC1 and ADC2 global Interrupt                       */
..\USER\stm32f10x.h(472): warning:  #12-D: parsing restarts here after previous syntax error
  } IRQn_Type;
..\HARDWARE\HTU21D\i2c_ee.c: 1 warning, 1 error
compiling adc.c...
..\USER\stm32f10x.h(298): error:  #67: expected a "}"
    ADC1_2_IRQn                 = 18,     /*!< ADC1 and ADC2 global Interrupt                       */
..\USER\stm32f10x.h(472): warning:  #12-D: parsing restarts here after previous syntax error
  } IRQn_Type;
..\HARDWARE\ADC\adc.c: 1 warning, 1 error
compiling oled.c...
..\USER\stm32f10x.h(298): error:  #67: expected a "}"
    ADC1_2_IRQn                 = 18,     /*!< ADC1 and ADC2 global Interrupt                       */
..\USER\stm32f10x.h(472): warning:  #12-D: parsing restarts here after previous syntax error
  } IRQn_Type;
..\HARDWARE\OLED\oled.c: 1 warning, 1 error
compiling pwm.c...
..\USER\stm32f10x.h(298): error:  #67: expected a "}"
    ADC1_2_IRQn                 = 18,     /*!< ADC1 and ADC2 global Interrupt                       */
..\USER\stm32f10x.h(472): warning:  #12-D: parsing restarts here after previous syntax error
  } IRQn_Type;
..\HARDWARE\PWM\pwm.c: 1 warning, 1 error
compiling voice.c...
..\USER\stm32f10x.h(298): error:  #67: expected a "}"
    ADC1_2_IRQn                 = 18,     /*!< ADC1 and ADC2 global Interrupt                       */
..\USER\stm32f10x.h(472): warning:  #12-D: parsing restarts here after previous syntax error
  } IRQn_Type;
..\HARDWARE\VOICE\voice.c: 1 warning, 1 error
compiling delay.c...
..\USER\stm32f10x.h(298): error:  #67: expected a "}"
    ADC1_2_IRQn                 = 18,     /*!< ADC1 and ADC2 global Interrupt                       */
..\USER\stm32f10x.h(472): warning:  #12-D: parsing restarts here after previous syntax error
  } IRQn_Type;
..\SYSTEM\delay\delay.c: 1 warning, 1 error
compiling sys.c...
..\USER\stm32f10x.h(298): error:  #67: expected a "}"
    ADC1_2_IRQn                 = 18,     /*!< ADC1 and ADC2 global Interrupt                       */
..\USER\stm32f10x.h(472): warning:  #12-D: parsing restarts here after previous syntax error
  } IRQn_Type;
..\SYSTEM\sys\sys.c: 1 warning, 1 error
compiling usart.c...
..\USER\stm32f10x.h(298): error:  #67: expected a "}"
    ADC1_2_IRQn                 = 18,     /*!< ADC1 and ADC2 global Interrupt                       */
..\USER\stm32f10x.h(472): warning:  #12-D: parsing restarts here after previous syntax error
  } IRQn_Type;
..\SYSTEM\usart\usart.c: 1 warning, 1 error
compiling core_cm3.c...
assembling startup_stm32f10x_hd.s...
compiling stm32f10x_gpio.c...
..\USER\stm32f10x.h(298): error:  #67: expected a "}"
    ADC1_2_IRQn                 = 18,     /*!< ADC1 and ADC2 global Interrupt                       */
..\USER\stm32f10x.h(472): warning:  #12-D: parsing restarts here after previous syntax error
  } IRQn_Type;
..\STM32F10x_FWLib\src\stm32f10x_gpio.c: 1 warning, 1 error
compiling stm32f10x_rcc.c...
..\USER\stm32f10x.h(298): error:  #67: expected a "}"
    ADC1_2_IRQn                 = 18,     /*!< ADC1 and ADC2 global Interrupt                       */
..\USER\stm32f10x.h(472): warning:  #12-D: parsing restarts here after previous syntax error
  } IRQn_Type;
..\STM32F10x_FWLib\src\stm32f10x_rcc.c: 1 warning, 1 error
compiling stm32f10x_usart.c...
..\USER\stm32f10x.h(298): error:  #67: expected a "}"
    ADC1_2_IRQn                 = 18,     /*!< ADC1 and ADC2 global Interrupt                       */
..\USER\stm32f10x.h(472): warning:  #12-D: parsing restarts here after previous syntax error
  } IRQn_Type;
..\STM32F10x_FWLib\src\stm32f10x_usart.c: 1 warning, 1 error
compiling misc.c...
..\USER\stm32f10x.h(298): error:  #67: expected a "}"
    ADC1_2_IRQn                 = 18,     /*!< ADC1 and ADC2 global Interrupt                       */
..\USER\stm32f10x.h(472): warning:  #12-D: parsing restarts here after previous syntax error
  } IRQn_Type;
..\STM32F10x_FWLib\src\misc.c: 1 warning, 1 error
compiling stm32f10x_exti.c...
..\USER\stm32f10x.h(298): error:  #67: expected a "}"
    ADC1_2_IRQn                 = 18,     /*!< ADC1 and ADC2 global Interrupt                       */
..\USER\stm32f10x.h(472): warning:  #12-D: parsing restarts here after previous syntax error
  } IRQn_Type;
..\STM32F10x_FWLib\src\stm32f10x_exti.c: 1 warning, 1 error
compiling stm32f10x_i2c.c...
..\USER\stm32f10x.h(298): error:  #67: expected a "}"
    ADC1_2_IRQn                 = 18,     /*!< ADC1 and ADC2 global Interrupt                       */
..\USER\stm32f10x.h(472): warning:  #12-D: parsing restarts here after previous syntax error
  } IRQn_Type;
..\STM32F10x_FWLib\src\stm32f10x_i2c.c: 1 warning, 1 error
compiling stm32f10x_adc.c...
..\USER\stm32f10x.h(298): error:  #67: expected a "}"
    ADC1_2_IRQn                 = 18,     /*!< ADC1 and ADC2 global Interrupt                       */
..\USER\stm32f10x.h(472): warning:  #12-D: parsing restarts here after previous syntax error
  } IRQn_Type;
..\STM32F10x_FWLib\src\stm32f10x_adc.c: 1 warning, 1 error
compiling stm32f10x_dma.c...
..\USER\stm32f10x.h(298): error:  #67: expected a "}"
    ADC1_2_IRQn                 = 18,     /*!< ADC1 and ADC2 global Interrupt                       */
..\USER\stm32f10x.h(472): warning:  #12-D: parsing restarts here after previous syntax error
  } IRQn_Type;
..\STM32F10x_FWLib\src\stm32f10x_dma.c: 1 warning, 1 error
compiling stm32f10x_spi.c...
..\USER\stm32f10x.h(298): error:  #67: expected a "}"
    ADC1_2_IRQn                 = 18,     /*!< ADC1 and ADC2 global Interrupt                       */
..\USER\stm32f10x.h(472): warning:  #12-D: parsing restarts here after previous syntax error
  } IRQn_Type;
..\STM32F10x_FWLib\src\stm32f10x_spi.c: 1 warning, 1 error
compiling stm32f10x_tim.c...
..\USER\stm32f10x.h(298): error:  #67: expected a "}"
    ADC1_2_IRQn                 = 18,     /*!< ADC1 and ADC2 global Interrupt                       */
..\USER\stm32f10x.h(472): warning:  #12-D: parsing restarts here after previous syntax error
  } IRQn_Type;
..\STM32F10x_FWLib\src\stm32f10x_tim.c: 1 warning, 1 error
compiling usb_core.c...
..\USER\stm32f10x.h(298): error:  #67: expected a "}"
    ADC1_2_IRQn                 = 18,     /*!< ADC1 and ADC2 global Interrupt                       */
..\USER\stm32f10x.h(472): warning:  #12-D: parsing restarts here after previous syntax error
  } IRQn_Type;
..\USB\LIB\usb_core.c: 1 warning, 1 error
compiling usb_init.c...
..\USER\stm32f10x.h(298): error:  #67: expected a "}"
    ADC1_2_IRQn                 = 18,     /*!< ADC1 and ADC2 global Interrupt                       */
..\USER\stm32f10x.h(472): warning:  #12-D: parsing restarts here after previous syntax error
  } IRQn_Type;
..\USB\LIB\usb_init.c: 1 warning, 1 error
compiling usb_int.c...
..\USER\stm32f10x.h(298): error:  #67: expected a "}"
    ADC1_2_IRQn                 = 18,     /*!< ADC1 and ADC2 global Interrupt                       */
..\USER\stm32f10x.h(472): warning:  #12-D: parsing restarts here after previous syntax error
  } IRQn_Type;
..\USB\LIB\usb_int.c: 1 warning, 1 error
compiling usb_mem.c...
..\USER\stm32f10x.h(298): error:  #67: expected a "}"
    ADC1_2_IRQn                 = 18,     /*!< ADC1 and ADC2 global Interrupt                       */
..\USER\stm32f10x.h(472): warning:  #12-D: parsing restarts here after previous syntax error
  } IRQn_Type;
..\USB\LIB\usb_mem.c: 1 warning, 1 error
compiling usb_regs.c...
..\USER\stm32f10x.h(298): error:  #67: expected a "}"
    ADC1_2_IRQn                 = 18,     /*!< ADC1 and ADC2 global Interrupt                       */
..\USER\stm32f10x.h(472): warning:  #12-D: parsing restarts here after previous syntax error
  } IRQn_Type;
..\USB\LIB\usb_regs.c: 1 warning, 1 error
compiling usb_sil.c...
..\USER\stm32f10x.h(298): error:  #67: expected a "}"
    ADC1_2_IRQn                 = 18,     /*!< ADC1 and ADC2 global Interrupt                       */
..\USER\stm32f10x.h(472): warning:  #12-D: parsing restarts here after previous syntax error
  } IRQn_Type;
..\USB\LIB\usb_sil.c: 1 warning, 1 error
compiling hw_config.c...
..\USER\stm32f10x.h(298): error:  #67: expected a "}"
    ADC1_2_IRQn                 = 18,     /*!< ADC1 and ADC2 global Interrupt                       */
..\USER\stm32f10x.h(472): warning:  #12-D: parsing restarts here after previous syntax error
  } IRQn_Type;
..\USB\CONFIG\hw_config.c: 1 warning, 1 error
compiling stm32_it.c...
..\USER\stm32f10x.h(298): error:  #67: expected a "}"
    ADC1_2_IRQn                 = 18,     /*!< ADC1 and ADC2 global Interrupt                       */
..\USER\stm32f10x.h(472): warning:  #12-D: parsing restarts here after previous syntax error
  } IRQn_Type;
..\USB\CONFIG\stm32_it.c: 1 warning, 1 error
compiling usb_desc.c...
..\USER\stm32f10x.h(298): error:  #67: expected a "}"
    ADC1_2_IRQn                 = 18,     /*!< ADC1 and ADC2 global Interrupt                       */
..\USER\stm32f10x.h(472): warning:  #12-D: parsing restarts here after previous syntax error
  } IRQn_Type;
..\USB\CONFIG\usb_desc.c: 1 warning, 1 error
compiling usb_endp.c...
..\USER\stm32f10x.h(298): error:  #67: expected a "}"
    ADC1_2_IRQn                 = 18,     /*!< ADC1 and ADC2 global Interrupt                       */
..\USER\stm32f10x.h(472): warning:  #12-D: parsing restarts here after previous syntax error
  } IRQn_Type;
..\USB\CONFIG\usb_endp.c: 1 warning, 1 error
compiling usb_istr.c...
..\USER\stm32f10x.h(298): error:  #67: expected a "}"
    ADC1_2_IRQn                 = 18,     /*!< ADC1 and ADC2 global Interrupt                       */
..\USER\stm32f10x.h(472): warning:  #12-D: parsing restarts here after previous syntax error
  } IRQn_Type;
..\USB\CONFIG\usb_istr.c: 1 warning, 1 error
compiling usb_prop.c...
..\USER\stm32f10x.h(298): error:  #67: expected a "}"
    ADC1_2_IRQn                 = 18,     /*!< ADC1 and ADC2 global Interrupt                       */
..\USER\stm32f10x.h(472): warning:  #12-D: parsing restarts here after previous syntax error
  } IRQn_Type;
..\USB\CONFIG\usb_prop.c: 1 warning, 1 error
compiling usb_pwr.c...
..\USER\stm32f10x.h(298): error:  #67: expected a "}"
    ADC1_2_IRQn                 = 18,     /*!< ADC1 and ADC2 global Interrupt                       */
..\USER\stm32f10x.h(472): warning:  #12-D: parsing restarts here after previous syntax error
  } IRQn_Type;
..\USB\CONFIG\usb_pwr.c: 1 warning, 1 error
"..\OBJ\powerman.axf" - 34 Error(s), 34 Warning(s).
Target not created
